// Jest Snapshot v1, https://goo.gl/fbAQLP

exports[`Landing page snapshot renders 1`] = `
<div
  className="euiFlexGroup euiFlexGroup--directionRow euiFlexGroup--responsive euiFlexGroup--wrap landing"
>
  <section
    className="euiFlexItem landing--information"
  >
    <h1
      className="euiTitle euiTitle--medium euiTitle--uppercase"
    >
      Project Catherine
    </h1>
    <img
      className="euiIcon euiIcon-isLoaded logo"
      src="logo-black.svg"
    />
    <article>
      <p>
        But I must explain to you how all this mistaken idea of denouncing pleasure and praising pain was born and I will give you a complete account of the system, and expound the actual teachings of the great explorer of the truth, the master-builder of human happiness. No one rejects, dislikes, or avoids pleasure itself, because it is pleasure, but because those who do not know how to pursue pleasure rationally encounter consequences that are extremely painful. Nor again is there anyone who loves or pursues or desires to obtain pain of itself, because it is pain, but because occasionally circumstances occur in which toil and pain can procure him some great pleasure. To take a trivial example, which of us ever undertakes laborious physical exercise, except to obtain some advantage from it? But who has any right to find fault with a man who chooses to enjoy a pleasure that has no annoying consequences, or one who avoids a pain that
      </p>
    </article>
  </section>
  <section
    className="euiFlexItem landing--forms"
  >
    <nav
      className="forms-nav"
    >
      <button
        className="forms-nav-button  forms-nav-button--active"
        onClick={[Function]}
      >
        SIGNUP
      </button>
      <button
        className="forms-nav-button "
        onClick={[Function]}
      >
        LOGIN
      </button>
    </nav>
    <form
      className="euiForm landing-form"
      onSubmit={[Function]}
    >
      <div
        className="euiFlexGroup euiFlexGroup--directionRow euiFlexGroup--responsive name-inputs"
      >
        <div
          className="euiFlexItem"
        >
          <div
            className="euiFormRow euiFormRow--fullWidth"
            id="su1gy2hs-row"
          >
            <div
              className="euiFormRow__labelWrapper"
            >
              <label
                aria-invalid={false}
                className="euiFormLabel euiFormRow__label"
                htmlFor="su1gy2hs"
              >
                First Name
              </label>
            </div>
            <div
              className="euiFormRow__fieldWrapper"
            >
              <div
                className="euiFormControlLayout euiFormControlLayout--fullWidth"
              >
                <div
                  className="euiFormControlLayout__childrenWrapper"
                >
                  <input
                    className="euiFieldText euiFieldText--fullWidth"
                    id="su1gy2hs"
                    name="firstName"
                    onBlur={[Function]}
                    onChange={[Function]}
                    onFocus={[Function]}
                    type="text"
                    value=""
                  />
                </div>
              </div>
            </div>
          </div>
        </div>
        <div
          className="euiFlexItem"
        >
          <div
            className="euiFormRow euiFormRow--fullWidth"
            id="u5gjc0j5-row"
          >
            <div
              className="euiFormRow__labelWrapper"
            >
              <label
                aria-invalid={false}
                className="euiFormLabel euiFormRow__label"
                htmlFor="u5gjc0j5"
              >
                Last Name
              </label>
            </div>
            <div
              className="euiFormRow__fieldWrapper"
            >
              <div
                className="euiFormControlLayout euiFormControlLayout--fullWidth"
              >
                <div
                  className="euiFormControlLayout__childrenWrapper"
                >
                  <input
                    className="euiFieldText euiFieldText--fullWidth"
                    id="u5gjc0j5"
                    name="lastName"
                    onBlur={[Function]}
                    onChange={[Function]}
                    onFocus={[Function]}
                    type="text"
                    value=""
                  />
                </div>
              </div>
            </div>
          </div>
        </div>
      </div>
      <div
        className="euiFormRow euiFormRow--fullWidth"
        id="9zkg912u-row"
      >
        <div
          className="euiFormRow__labelWrapper"
        >
          <label
            aria-invalid={false}
            className="euiFormLabel euiFormRow__label"
            htmlFor="9zkg912u"
          >
            Email
          </label>
        </div>
        <div
          className="euiFormRow__fieldWrapper"
        >
          <div
            className="euiFormControlLayout euiFormControlLayout--fullWidth"
          >
            <div
              className="euiFormControlLayout__childrenWrapper"
            >
              <input
                className="euiFieldText euiFieldText--fullWidth"
                id="9zkg912u"
                name="email"
                onBlur={[Function]}
                onChange={[Function]}
                onFocus={[Function]}
                type="email"
                value=""
              />
            </div>
          </div>
        </div>
      </div>
      <div
        className="euiFormRow euiFormRow--fullWidth"
        id="t2zen7xj-row"
      >
        <div
          className="euiFormRow__labelWrapper"
        >
          <label
            aria-invalid={false}
            className="euiFormLabel euiFormRow__label"
            htmlFor="t2zen7xj"
          >
            Date of Birth
          </label>
        </div>
        <div
          className="euiFormRow__fieldWrapper"
        >
          <span>
            <span
              className="euiDatePicker euiDatePicker--shadow"
            >
              <div
                className="euiFormControlLayout euiFormControlLayout--fullWidth"
              >
                <div
                  className="euiFormControlLayout__childrenWrapper"
                >
                  <div
                    className="react-datepicker-wrapper"
                  >
                    <div
                      className="react-datepicker__input-container"
                    >
                      <input
                        aria-label="2006-04-06"
                        className="euiDatePicker euiFieldText euiFieldText--fullWidth euiFieldText--withIcon"
                        disabled={false}
                        id="t2zen7xj"
                        name="birthDate"
                        onBlur={[Function]}
                        onChange={[Function]}
                        onClick={[Function]}
                        onFocus={[Function]}
                        onKeyDown={[Function]}
                        readOnly={false}
                        type="text"
                        value="2006-04-06"
                      />
                    </div>
                  </div>
                  <div
                    className="euiFormControlLayoutIcons"
                  >
                    <span
                      className="euiFormControlLayoutCustomIcon"
                    >
                      <svg
                        aria-hidden={true}
                        className="euiIcon euiIcon--medium euiIcon-isLoading euiFormControlLayoutCustomIcon__icon"
                        focusable="false"
                        height={16}
                        role="img"
                        style={null}
                        viewBox="0 0 16 16"
                        width={16}
                        xmlns="http://www.w3.org/2000/svg"
                      />
                    </span>
                  </div>
                </div>
              </div>
            </span>
          </span>
        </div>
      </div>
      <div
        className="euiFormRow euiFormRow--fullWidth"
        id="wyicc5u5-row"
      >
        <div
          className="euiFormRow__labelWrapper"
        >
          <label
            aria-invalid={false}
            className="euiFormLabel euiFormRow__label"
            htmlFor="wyicc5u5"
          >
            Password
          </label>
        </div>
        <div
          className="euiFormRow__fieldWrapper"
        >
          <span
            className="euiToolTipAnchor full-width"
            onMouseOut={[Function]}
            onMouseOver={[Function]}
          >
            <div
              className="euiFormControlLayout euiFormControlLayout--fullWidth"
            >
              <div
                className="euiFormControlLayout__childrenWrapper"
              >
                <input
                  className="euiFieldText euiFieldText--fullWidth"
                  minLength="10"
                  name="password"
                  onBlur={[Function]}
                  onChange={[Function]}
                  onFocus={[Function]}
                  type="password"
                  value=""
                />
              </div>
            </div>
          </span>
          <div
            className="euiFormHelpText euiFormRow__text"
            id="wyicc5u5-help"
          >
            <div>
              <div
                className="euiFlexGroup euiFlexGroup--alignItemsCenter euiFlexGroup--justifyContentSpaceBetween euiFlexGroup--directionRow"
                style={
                  Object {
                    "height": "20px",
                  }
                }
              >
                <div
                  className="euiFlexItem euiFlexItem--flexGrow1"
                  style={
                    Object {
                      "height": "100%",
                    }
                  }
                >
                  Strength:
                </div>
                <div
                  className="euiFlexItem euiFlexItem--flexGrow3"
                >
                  <progress
                    aria-label="password strength"
                    className="euiProgress euiProgress--native euiProgress--m euiProgress--danger"
                    max={100}
                    value={0}
                  />
                </div>
              </div>
            </div>
          </div>
        </div>
      </div>
      <div
        className="euiFormRow euiFormRow--fullWidth form-button"
        id="6y0j6o8h-row"
      >
        <div
          className="euiFormRow__fieldWrapper"
        >
          <button
            className="euiButton euiButton--primary euiButton--fill euiButton--fullWidth"
            id="6y0j6o8h"
            onBlur={[Function]}
            onFocus={[Function]}
            type="submit"
          >
            <span
              className="euiButton__content"
            >
              <span
                className="euiButton__text"
              >
                <img
                  alt="next"
                  src="arrow-right.svg"
                />
              </span>
            </span>
          </button>
        </div>
      </div>
    </form>
  </section>
</div>
`;
